13:04:28 **** Incremental Build of configuration Debug for project Using_LCD ****
make -j8 all 
arm-none-eabi-gcc "../Core/Src/main.c" -mcpu=cortex-m4 -std=gnu11 -g3 -DDEBUG -DUSE_HAL_DRIVER -DSTM32F446xx -c -I../Core/Inc -I../Drivers/STM32F4xx_HAL_Driver/Inc -I../Drivers/STM32F4xx_HAL_Driver/Inc/Legacy -I../Drivers/CMSIS/Device/ST/STM32F4xx/Include -I../Drivers/CMSIS/Include -O0 -ffunction-sections -fdata-sections -Wall -fstack-usage -fcyclomatic-complexity -MMD -MP -MF"Core/Src/main.d" -MT"Core/Src/main.o" --specs=nano.specs -mfpu=fpv4-sp-d16 -mfloat-abi=hard -mthumb -o "Core/Src/main.o"
../Core/Src/main.c: In function 'main':
../Core/Src/main.c:147:7: warning: implicit declaration of function 'itoa' [-Wimplicit-function-declaration]
  147 |       itoa(x, snum, 10);
      |       ^~~~
arm-none-eabi-gcc -o "Using_LCD.elf" @"objects.list"   -mcpu=cortex-m4 -T"C:\Users\jammu\STM32CubeIDE\workspace_1.13.2\Using_LCD\STM32F446RETX_FLASH.ld" --specs=nosys.specs -Wl,-Map="Using_LCD.map" -Wl,--gc-sections -static --specs=nano.specs -mfpu=fpv4-sp-d16 -mfloat-abi=hard -mthumb -Wl,--start-group -lc -lm -Wl,--end-group
Finished building target: Using_LCD.elf
 
arm-none-eabi-size   Using_LCD.elf 
arm-none-eabi-objdump -h -S  Using_LCD.elf  > "Using_LCD.list"
   text	   data	    bss	    dec	    hex	filename
  12928	     36	   1732	  14696	   3968	Using_LCD.elf
Finished building: default.size.stdout
 
Finished building: Using_LCD.list
 

13:04:28 Build Finished. 0 errors, 1 warnings. (took 877ms)

